[    1412ms] [LOG] JQMIGRATE: Migrate is installed, version 3.4.1 @ https://supersymmetry.com/web/wp-includes/js/jquery/jquery-migrate.min.js?ver=3.4.1:1
[    1582ms] [WARNING] jQuery.Deferred exception: AOS is not defined ReferenceError: AOS is not defined
    at HTMLDocument.<anonymous> (https://supersymmetry.com/:363:5)
    at e (https://supersymmetry.com/web/wp-includes/js/jquery/jquery.min.js?ver=3.7.1:2:27028)
    at https://supersymmetry.com/web/wp-includes/js/jquery/jquery.min.js?ver=3.7.1:2:27330 undefined @ https://supersymmetry.com/web/wp-includes/js/jquery/jquery.min.js?ver=3.7.1:1
[    1598ms] ReferenceError: AOS is not defined
    at HTMLDocument.<anonymous> (https://supersymmetry.com/:363:5)
    at e (https://supersymmetry.com/web/wp-includes/js/jquery/jquery.min.js?ver=3.7.1:2:27028)
    at https://supersymmetry.com/web/wp-includes/js/jquery/jquery.min.js?ver=3.7.1:2:27330
[    1768ms] [ERROR] Failed to load resource: the server responded with a status of 500 () @ https://supersymmetry.com/wp-content/uploads/2023/11/Group-7396.png:0
[    4575ms] ReferenceError: AOS is not defined
    at alertFunc (https://supersymmetry.com/:360:11)
[   22470ms] [ERROR] Failed to load resource: the server responded with a status of 404 () @ https://supersymmetry.com/favicon.ico:0
[   25477ms] [WARNING] The resource https://supersymmetry.com/web/wp-content/plugins/social-icons-widget-by-wpzoom/assets/font/socicon.woff2?v=4.6.0 was preloaded using link preload but not used within a few seconds from the window's load event. Please make sure it has an appropriate `as` value and it is preloaded intentionally. @ https://supersymmetry.com/:0
[   25477ms] [WARNING] The resource https://supersymmetry.com/web/wp-content/plugins/social-icons-widget-by-wpzoom/assets/font/academicons.woff2?v=1.9.2 was preloaded using link preload but not used within a few seconds from the window's load event. Please make sure it has an appropriate `as` value and it is preloaded intentionally. @ https://supersymmetry.com/:0
[  413240ms] [LOG] JQMIGRATE: Migrate is installed, version 3.4.1 @ https://supersymmetry.com/web/wp-includes/js/jquery/jquery-migrate.min.js?ver=3.4.1:1
[  413343ms] [WARNING] jQuery.Deferred exception: AOS is not defined ReferenceError: AOS is not defined
    at HTMLDocument.<anonymous> (https://supersymmetry.com/:363:5)
    at e (https://supersymmetry.com/web/wp-includes/js/jquery/jquery.min.js?ver=3.7.1:2:27028)
    at https://supersymmetry.com/web/wp-includes/js/jquery/jquery.min.js?ver=3.7.1:2:27330 undefined @ https://supersymmetry.com/web/wp-includes/js/jquery/jquery.min.js?ver=3.7.1:1
[  413349ms] ReferenceError: AOS is not defined
    at HTMLDocument.<anonymous> (https://supersymmetry.com/:363:5)
    at e (https://supersymmetry.com/web/wp-includes/js/jquery/jquery.min.js?ver=3.7.1:2:27028)
    at https://supersymmetry.com/web/wp-includes/js/jquery/jquery.min.js?ver=3.7.1:2:27330
[  413553ms] [ERROR] Failed to load resource: the server responded with a status of 500 () @ https://supersymmetry.com/wp-content/uploads/2023/11/Group-7396.png:0
[  416334ms] ReferenceError: AOS is not defined
    at alertFunc (https://supersymmetry.com/:360:11)
[  455110ms] [WARNING] The resource https://supersymmetry.com/web/wp-content/plugins/social-icons-widget-by-wpzoom/assets/font/socicon.woff2?v=4.6.0 was preloaded using link preload but not used within a few seconds from the window's load event. Please make sure it has an appropriate `as` value and it is preloaded intentionally. @ https://supersymmetry.com/:0
[  455110ms] [WARNING] The resource https://supersymmetry.com/web/wp-content/plugins/social-icons-widget-by-wpzoom/assets/font/academicons.woff2?v=1.9.2 was preloaded using link preload but not used within a few seconds from the window's load event. Please make sure it has an appropriate `as` value and it is preloaded intentionally. @ https://supersymmetry.com/:0
